#-----------------------------------------------------------
# Vivado v2022.1 (64-bit)
# SW Build 3526262 on Mon Apr 18 15:48:16 MDT 2022
# IP Build 3524634 on Mon Apr 18 20:55:01 MDT 2022
# Start of session at: Fri Jan 13 09:59:39 2023
# Process ID: 2320
# Current directory: D:/Cursuri/Anul_3/Semestru_1/CN2/Lucrare3/RISC_V_IF_ID - Copy - Copy
# Command line: vivado.exe -gui_launcher_event rodinguilauncherevent9200 D:\Cursuri\Anul_3\Semestru_1\CN2\Lucrare3\RISC_V_IF_ID - Copy - Copy\RISC_V_IF_ID.xpr
# Log file: D:/Cursuri/Anul_3/Semestru_1/CN2/Lucrare3/RISC_V_IF_ID - Copy - Copy/vivado.log
# Journal file: D:/Cursuri/Anul_3/Semestru_1/CN2/Lucrare3/RISC_V_IF_ID - Copy - Copy\vivado.jou
# Running On: DESKTOP-8EDQQRG, OS: Windows, CPU Frequency: 2496 MHz, CPU Physical cores: 4, Host memory: 8451 MB
#-----------------------------------------------------------
start_gui
open_project {D:/Cursuri/Anul_3/Semestru_1/CN2/Lucrare3/RISC_V_IF_ID - Copy - Copy/RISC_V_IF_ID.xpr}
update_compile_order -fileset sources_1
launch_simulation
open_wave_config {D:/Cursuri/Anul_3/Semestru_1/CN2/Lucrare3/RISC_V_IF_ID - Copy - Copy/RISC_V_TB_behav2.wcfg}
source RISC_V_TB.tcl
relaunch_sim
relaunch_sim
relaunch_sim
relaunch_sim
close_sim
launch_simulation
open_wave_config {D:/Cursuri/Anul_3/Semestru_1/CN2/Lucrare3/RISC_V_IF_ID - Copy - Copy/RISC_V_TB_behav2.wcfg}
source RISC_V_TB.tcl
close_sim
launch_simulation
open_wave_config {D:/Cursuri/Anul_3/Semestru_1/CN2/Lucrare3/RISC_V_IF_ID - Copy - Copy/RISC_V_TB_behav2.wcfg}
source RISC_V_TB.tcl
close_sim
